<html>
<body>
<pre>
<h1>µVision Build Log</h1>
<h2>Tool Versions:</h2>
IDE-Version: ¦ÌVision V5.14.0.0
Copyright (C) 2015 ARM Ltd and ARM Germany GmbH. All rights reserved.
License Information: kai Microsoft, Microsoft, LIC=GE774-FC49I-ULTCE-5T3UZ-PD1AR-TQKXN
 
Tool Versions:
Toolchain:       MDK-ARM Professional  Version: 5.14.0.0
Toolchain Path:  C:\Keil_v5\ARM\ARMCC\Bin
C Compiler:      Armcc.exe V5.05 update 1 (build 106)
Assembler:       Armasm.exe V5.05 update 1 (build 106)
Linker/Locator:  ArmLink.exe V5.05 update 1 (build 106)
Library Manager: ArmAr.exe V5.05 update 1 (build 106)
Hex Converter:   FromElf.exe V5.05 update 1 (build 106)
CPU DLL:         SARMCM3.DLL V5.14.0.0
Dialog DLL:      DCM.DLL V1.13.1.0
Target DLL:      STLink\ST-LINKIII-KEIL_SWO.dll V2.0.14.0_KEIL
Dialog DLL:      TCM.DLL V1.14.4.0
 
<h2>Project:</h2>
E:\STM32Cube_FW_F4_V1.21.0\Projects\STM32F401RE-Nucleo\Templates\MDK-ARM\Project.uvprojx
Project File Date:  02/23/2018

<h2>Output:</h2>
Rebuild target 'STM32F4xx-Nucleo'
compiling stm32f4xx_nucleo.c...
compiling stm32f4xx_hal_tim_ex.c...
compiling stm32f4xx_ll_fmc.c...
compiling stm32f4xx_hal_flash.c...
compiling stm32f4xx_hal_hash_ex.c...
compiling stm32f4xx_hal_sd.c...
compiling stm32f4xx_hal_uart.c...
compiling stm32f4xx_hal_dcmi.c...
compiling stm32f4xx_hal_dac_ex.c...
compiling stm32f4xx_hal_cryp.c...
compiling stm32f4xx_hal_wwdg.c...
compiling stm32f4xx_hal_pcd.c...
compiling stm32f4xx_hal_rtc.c...
compiling stm32f4xx_hal_sram.c...
compiling stm32f4xx_hal_i2s.c...
compiling stm32f4xx_ll_sdmmc.c...
compiling stm32f4xx_hal_pwr.c...
compiling stm32f4xx_hal_adc_ex.c...
compiling stm32f4xx_hal_rcc.c...
compiling stm32f4xx_hal_iwdg.c...
compiling stm32f4xx_hal_can.c...
compiling stm32f4xx_hal_flash_ex.c...
compiling stm32f4xx_hal_smartcard.c...
compiling stm32f4xx_hal_i2c_ex.c...
compiling stm32f4xx_hal_nor.c...
compiling stm32f4xx_hal_pccard.c...
compiling stm32f4xx_hal_rng.c...
compiling stm32f4xx_hal_dma_ex.c...
compiling stm32f4xx_hal_ltdc.c...
compiling stm32f4xx_hal_adc.c...
compiling stm32f4xx_hal_rtc_ex.c...
compiling stm32f4xx_ll_usb.c...
compiling stm32f4xx_hal_hash.c...
compiling stm32f4xx_hal_hcd.c...
compiling stm32f4xx_hal_irda.c...
compiling stm32f4xx_hal_cortex.c...
compiling stm32f4xx_hal_dac.c...
compiling stm32f4xx_hal_usart.c...
compiling stm32f4xx_hal_spi.c...
compiling stm32f4xx_hal_i2c.c...
compiling stm32f4xx_hal_dma.c...
compiling stm32f4xx_hal_crc.c...
compiling stm32f4xx_hal.c...
compiling stm32f4xx_hal_pwr_ex.c...
compiling stm32f4xx_hal_i2s_ex.c...
compiling stm32f4xx_hal_nand.c...
compiling stm32f4xx_hal_tim.c...
compiling stm32f4xx_hal_cryp_ex.c...
compiling stm32f4xx_hal_rcc_ex.c...
compiling stm32f4xx_hal_eth.c...
compiling stm32f4xx_hal_gpio.c...
compiling stm32f4xx_ll_fsmc.c...
assembling startup_stm32f401xe.s...
compiling stm32f4xx_it.c...
compiling stm32f4xx_hal_msp.c...
compiling main.c...
compiling system_stm32f4xx.c...
linking...
Program Size: Code=2046 RO-data=454 RW-data=16 ZI-data=1024  
"STM32F4xx-Nucleo\STM32F4xx-Nucleo.axf" - 0 Error(s), 0 Warning(s).

<h2>Software Packages used:</h2>

Package Vendor: ARM
                http://www.keil.com/pack/ARM.CMSIS.4.2.0.pack
                ARM::CMSIS:CORE:3.40.0
                CMSIS (Cortex Microcontroller Software Interface Standard)
   * Component: CORE Version: 3.40.0

<h2>Collection of Component include folders:</h2>
  E:\STM32Cube_FW_F4_V1.21.0\Projects\STM32F401RE-Nucleo\Templates\MDK-ARM\RTE
  C:\Keil_v5\ARM\PACK\ARM\CMSIS\4.2.0\CMSIS\Include
  C:\Keil_v5\ARM\PACK\Keil\STM32F4xx_DFP\2.11.0

<h2>Collection of Component Files used:</h2>

   * Component: ARM::CMSIS:CORE:3.40.0
      Source file:   CMSIS\UserCodeTemplates\ARM\ITM_Retarget.c
</pre>
</body>
</html>
