<html>
<body>
<pre>
<h1>µVision Build Log</h1>
<h2>Tool Versions:</h2>
IDE-Version: ¦ÌVision V5.14.0.0
Copyright (C) 2015 ARM Ltd and ARM Germany GmbH. All rights reserved.
License Information: kai Microsoft, Microsoft, LIC=GE774-FC49I-ULTCE-5T3UZ-PD1AR-TQKXN
 
Tool Versions:
Toolchain:       MDK-ARM Professional  Version: 5.14.0.0
Toolchain Path:  C:\Keil_v5\ARM\ARMCC\Bin
C Compiler:      Armcc.exe V5.05 update 1 (build 106)
Assembler:       Armasm.exe V5.05 update 1 (build 106)
Linker/Locator:  ArmLink.exe V5.05 update 1 (build 106)
Library Manager: ArmAr.exe V5.05 update 1 (build 106)
Hex Converter:   FromElf.exe V5.05 update 1 (build 106)
CPU DLL:         SARMCM3.DLL V5.14.0.0
Dialog DLL:      DCM.DLL V1.13.1.0
Target DLL:      STLink\ST-LINKIII-KEIL_SWO.dll V2.0.14.0_KEIL
Dialog DLL:      TCM.DLL V1.14.4.0
 
<h2>Project:</h2>
E:\STM32Cube_FW_F4_V1.21.0\Projects\STM32F401RE-Nucleo\Examples\UART\UART_Printf\MDK-ARM\Project.uvprojx
Project File Date:  08/21/2018

<h2>Output:</h2>
Rebuild target 'STM32F4xx-Nucleo'
compiling stm32f4xx_hal.c...
compiling stm32f4xx_hal_uart.c...
compiling stm32f4xx_hal_rcc.c...
compiling stm32f4xx_hal_cortex.c...
compiling stm32f4xx_hal_gpio.c...
compiling stm32f4xx_hal_dma.c...
compiling stm32f4xx_hal_dma_ex.c...
assembling startup_stm32f401xe.s...
compiling stm32f4xx_it.c...
compiling stm32f4xx_hal_msp.c...
compiling main.c...
..\Src\main.c(56): warning:  #177-D: variable "pid" was declared but never referenced
    PID_T pid;
..\Src\main.c(114): warning:  #186-D: pointless comparison of unsigned integer with zero
      if(pid.dealt_o < PID_MIN)
..\Src\main.c(121): warning:  #940-D: missing return statement at end of non-void function "PID_Execute"
  }
..\Src\main.c(103): warning:  #550-D: variable "da_val" was set but never used
      UINT16 da_val;
..\Src\main.c: 4 warnings, 0 errors
compiling system_stm32f4xx.c...
linking...
Program Size: Code=5564 RO-data=460 RW-data=28 ZI-data=1092  
FromELF: creating hex file...
After Build - User command #1: C:\Keil_v5\ARM\ARMCC\bin\fromelf.exe --bin -o ../MDK-ARM\STM32F4xx-Nucleo/USART.bin ../MDK-ARM\STM32F4xx-Nucleo/STM32F4xx-Nucleo.axf
"STM32F4xx-Nucleo\STM32F4xx-Nucleo.axf" - 0 Error(s), 4 Warning(s).

<h2>Software Packages used:</h2>

Package Vendor: ARM
                http://www.keil.com/pack/ARM.CMSIS.4.2.0.pack
                ARM::CMSIS:CORE:3.40.0
                CMSIS (Cortex Microcontroller Software Interface Standard)
   * Component: CORE Version: 3.40.0

<h2>Collection of Component include folders:</h2>
  E:\STM32Cube_FW_F4_V1.21.0\Projects\STM32F401RE-Nucleo\Examples\UART\UART_Printf\MDK-ARM\RTE
  C:\Keil_v5\ARM\PACK\ARM\CMSIS\4.2.0\CMSIS\Include
  C:\Keil_v5\ARM\PACK\Keil\STM32F4xx_DFP\2.11.0

<h2>Collection of Component Files used:</h2>

   * Component: ARM::CMSIS:CORE:3.40.0
      Source file:   CMSIS\UserCodeTemplates\ARM\ITM_Retarget.c
</pre>
</body>
</html>
